2026-06-19 02:00:20	/home/jumpsta1/public_html/jumpstart.gg/wiki/inc/Menu/Item/Edit.php(42)	E_WARNING: Undefined array key "id"
  #0 /home/jumpsta1/public_html/jumpstart.gg/wiki/inc/Menu/Item/Edit.php(42): dokuwiki\ErrorHandler::errorHandler(2, 'Undefined array...', '/home/jumpsta1/...', 42)
  #1 /home/jumpsta1/public_html/jumpstart.gg/wiki/inc/Menu/AbstractMenu.php(67): dokuwiki\Menu\Item\Edit->__construct()
  #2 [internal function]: dokuwiki\Menu\AbstractMenu->loadItems(Array)
  #3 /home/jumpsta1/public_html/jumpstart.gg/wiki/inc/Extension/Event.php(134): call_user_func_array(Array, Array)
  #4 /home/jumpsta1/public_html/jumpstart.gg/wiki/inc/Extension/Event.php(200): dokuwiki\Extension\Event->trigger(Array, true)
  #5 /home/jumpsta1/public_html/jumpstart.gg/wiki/inc/Menu/AbstractMenu.php(45): dokuwiki\Extension\Event::createAndTrigger('MENU_ITEMS_ASSE...', Array, Array)
  #6 /home/jumpsta1/public_html/jumpstart.gg/wiki/lib/tpl/bootstrap3/Template.php(2343): dokuwiki\Menu\AbstractMenu->getItems()
  #7 /home/jumpsta1/public_html/jumpstart.gg/wiki/lib/tpl/bootstrap3/Template.php(36): dokuwiki\template\bootstrap3\Template->initToolsMenu()
  #8 /home/jumpsta1/public_html/jumpstart.gg/wiki/lib/tpl/bootstrap3/Template.php(121): dokuwiki\template\bootstrap3\Template->__construct()
  #9 /home/jumpsta1/public_html/jumpstart.gg/wiki/lib/tpl/bootstrap3/tpl/global.php(32): dokuwiki\template\bootstrap3\Template::getInstance()
  #10 /home/jumpsta1/public_html/jumpstart.gg/wiki/lib/tpl/bootstrap3/mediamanager.php(13): require_once('/home/jumpsta1/...')
  #11 /home/jumpsta1/public_html/jumpstart.gg/wiki/lib/exe/mediamanager.php(130): include('/home/jumpsta1/...')
  #12 {main}
2026-06-19 02:22:25	/home/jumpsta1/public_html/jumpstart.gg/wiki/lib/plugins/jumpstart/action.php(568)	ParseError: syntax error, unexpected identifier "px"
  #0 /home/jumpsta1/public_html/jumpstart.gg/wiki/inc/load.php(104): class@anonymous->autoloadNamedPluginClass('action_plugin_j...')
  #1 [internal function]: class@anonymous->autoload('action_plugin_j...')
  #2 /home/jumpsta1/public_html/jumpstart.gg/wiki/inc/Extension/PluginController.php(107): class_exists('action_plugin_j...', true)
  #3 /home/jumpsta1/public_html/jumpstart.gg/wiki/inc/pluginutils.php(55): dokuwiki\Extension\PluginController->load('action', 'jumpstart', false, false)
  #4 /home/jumpsta1/public_html/jumpstart.gg/wiki/inc/Extension/EventHandler.php(32): plugin_load('action', 'jumpstart')
  #5 /home/jumpsta1/public_html/jumpstart.gg/wiki/inc/init.php(230): dokuwiki\Extension\EventHandler->__construct()
  #6 /home/jumpsta1/public_html/jumpstart.gg/wiki/lib/exe/manifest.php(9): require_once('/home/jumpsta1/...')
  #7 {main}
2026-06-19 02:22:25	/home/jumpsta1/public_html/jumpstart.gg/wiki/lib/plugins/jumpstart/action.php(568)	ParseError: syntax error, unexpected identifier "px"
  #0 /home/jumpsta1/public_html/jumpstart.gg/wiki/inc/load.php(104): class@anonymous->autoloadNamedPluginClass('action_plugin_j...')
  #1 [internal function]: class@anonymous->autoload('action_plugin_j...')
  #2 /home/jumpsta1/public_html/jumpstart.gg/wiki/inc/Extension/PluginController.php(107): class_exists('action_plugin_j...', true)
  #3 /home/jumpsta1/public_html/jumpstart.gg/wiki/inc/pluginutils.php(55): dokuwiki\Extension\PluginController->load('action', 'jumpstart', false, false)
  #4 /home/jumpsta1/public_html/jumpstart.gg/wiki/inc/Extension/EventHandler.php(32): plugin_load('action', 'jumpstart')
  #5 /home/jumpsta1/public_html/jumpstart.gg/wiki/inc/init.php(230): dokuwiki\Extension\EventHandler->__construct()
  #6 /home/jumpsta1/public_html/jumpstart.gg/wiki/lib/tpl/bootstrap3/css.php(90): require_once('/home/jumpsta1/...')
  #7 {main}
2026-06-19 02:22:25	/home/jumpsta1/public_html/jumpstart.gg/wiki/lib/plugins/jumpstart/action.php(568)	ParseError: syntax error, unexpected identifier "px"
  #0 /home/jumpsta1/public_html/jumpstart.gg/wiki/inc/load.php(104): class@anonymous->autoloadNamedPluginClass('action_plugin_j...')
  #1 [internal function]: class@anonymous->autoload('action_plugin_j...')
  #2 /home/jumpsta1/public_html/jumpstart.gg/wiki/inc/Extension/PluginController.php(107): class_exists('action_plugin_j...', true)
  #3 /home/jumpsta1/public_html/jumpstart.gg/wiki/inc/pluginutils.php(55): dokuwiki\Extension\PluginController->load('action', 'jumpstart', false, false)
  #4 /home/jumpsta1/public_html/jumpstart.gg/wiki/inc/Extension/EventHandler.php(32): plugin_load('action', 'jumpstart')
  #5 /home/jumpsta1/public_html/jumpstart.gg/wiki/inc/init.php(230): dokuwiki\Extension\EventHandler->__construct()
  #6 /home/jumpsta1/public_html/jumpstart.gg/wiki/doku.php(38): require_once('/home/jumpsta1/...')
  #7 {main}
2026-06-19 02:22:26	/home/jumpsta1/public_html/jumpstart.gg/wiki/lib/plugins/jumpstart/action.php(568)	ParseError: syntax error, unexpected identifier "px"
  #0 /home/jumpsta1/public_html/jumpstart.gg/wiki/inc/load.php(104): class@anonymous->autoloadNamedPluginClass('action_plugin_j...')
  #1 [internal function]: class@anonymous->autoload('action_plugin_j...')
  #2 /home/jumpsta1/public_html/jumpstart.gg/wiki/inc/Extension/PluginController.php(107): class_exists('action_plugin_j...', true)
  #3 /home/jumpsta1/public_html/jumpstart.gg/wiki/inc/pluginutils.php(55): dokuwiki\Extension\PluginController->load('action', 'jumpstart', false, false)
  #4 /home/jumpsta1/public_html/jumpstart.gg/wiki/inc/Extension/EventHandler.php(32): plugin_load('action', 'jumpstart')
  #5 /home/jumpsta1/public_html/jumpstart.gg/wiki/inc/init.php(230): dokuwiki\Extension\EventHandler->__construct()
  #6 /home/jumpsta1/public_html/jumpstart.gg/wiki/lib/exe/css.php(19): require_once('/home/jumpsta1/...')
  #7 {main}
2026-06-19 02:22:26	/home/jumpsta1/public_html/jumpstart.gg/wiki/lib/plugins/jumpstart/action.php(568)	ParseError: syntax error, unexpected identifier "px"
  #0 /home/jumpsta1/public_html/jumpstart.gg/wiki/inc/load.php(104): class@anonymous->autoloadNamedPluginClass('action_plugin_j...')
  #1 [internal function]: class@anonymous->autoload('action_plugin_j...')
  #2 /home/jumpsta1/public_html/jumpstart.gg/wiki/inc/Extension/PluginController.php(107): class_exists('action_plugin_j...', true)
  #3 /home/jumpsta1/public_html/jumpstart.gg/wiki/inc/pluginutils.php(55): dokuwiki\Extension\PluginController->load('action', 'jumpstart', false, false)
  #4 /home/jumpsta1/public_html/jumpstart.gg/wiki/inc/Extension/EventHandler.php(32): plugin_load('action', 'jumpstart')
  #5 /home/jumpsta1/public_html/jumpstart.gg/wiki/inc/init.php(230): dokuwiki\Extension\EventHandler->__construct()
  #6 /home/jumpsta1/public_html/jumpstart.gg/wiki/lib/exe/jquery.php(9): require_once('/home/jumpsta1/...')
  #7 {main}
2026-06-19 02:22:26	/home/jumpsta1/public_html/jumpstart.gg/wiki/lib/plugins/jumpstart/action.php(568)	ParseError: syntax error, unexpected identifier "px"
  #0 /home/jumpsta1/public_html/jumpstart.gg/wiki/inc/load.php(104): class@anonymous->autoloadNamedPluginClass('action_plugin_j...')
  #1 [internal function]: class@anonymous->autoload('action_plugin_j...')
  #2 /home/jumpsta1/public_html/jumpstart.gg/wiki/inc/Extension/PluginController.php(107): class_exists('action_plugin_j...', true)
  #3 /home/jumpsta1/public_html/jumpstart.gg/wiki/inc/pluginutils.php(55): dokuwiki\Extension\PluginController->load('action', 'jumpstart', false, false)
  #4 /home/jumpsta1/public_html/jumpstart.gg/wiki/inc/Extension/EventHandler.php(32): plugin_load('action', 'jumpstart')
  #5 /home/jumpsta1/public_html/jumpstart.gg/wiki/inc/init.php(230): dokuwiki\Extension\EventHandler->__construct()
  #6 /home/jumpsta1/public_html/jumpstart.gg/wiki/lib/exe/fetch.php(15): require_once('/home/jumpsta1/...')
  #7 {main}
2026-06-19 02:22:26	/home/jumpsta1/public_html/jumpstart.gg/wiki/lib/plugins/jumpstart/action.php(568)	ParseError: syntax error, unexpected identifier "px"
  #0 /home/jumpsta1/public_html/jumpstart.gg/wiki/inc/load.php(104): class@anonymous->autoloadNamedPluginClass('action_plugin_j...')
  #1 [internal function]: class@anonymous->autoload('action_plugin_j...')
  #2 /home/jumpsta1/public_html/jumpstart.gg/wiki/inc/Extension/PluginController.php(107): class_exists('action_plugin_j...', true)
  #3 /home/jumpsta1/public_html/jumpstart.gg/wiki/inc/pluginutils.php(55): dokuwiki\Extension\PluginController->load('action', 'jumpstart', false, false)
  #4 /home/jumpsta1/public_html/jumpstart.gg/wiki/inc/Extension/EventHandler.php(32): plugin_load('action', 'jumpstart')
  #5 /home/jumpsta1/public_html/jumpstart.gg/wiki/inc/init.php(230): dokuwiki\Extension\EventHandler->__construct()
  #6 /home/jumpsta1/public_html/jumpstart.gg/wiki/lib/tpl/bootstrap3/css.php(90): require_once('/home/jumpsta1/...')
  #7 {main}
2026-06-19 02:22:26	/home/jumpsta1/public_html/jumpstart.gg/wiki/lib/plugins/jumpstart/action.php(568)	ParseError: syntax error, unexpected identifier "px"
  #0 /home/jumpsta1/public_html/jumpstart.gg/wiki/inc/load.php(104): class@anonymous->autoloadNamedPluginClass('action_plugin_j...')
  #1 [internal function]: class@anonymous->autoload('action_plugin_j...')
  #2 /home/jumpsta1/public_html/jumpstart.gg/wiki/inc/Extension/PluginController.php(107): class_exists('action_plugin_j...', true)
  #3 /home/jumpsta1/public_html/jumpstart.gg/wiki/inc/pluginutils.php(55): dokuwiki\Extension\PluginController->load('action', 'jumpstart', false, false)
  #4 /home/jumpsta1/public_html/jumpstart.gg/wiki/inc/Extension/EventHandler.php(32): plugin_load('action', 'jumpstart')
  #5 /home/jumpsta1/public_html/jumpstart.gg/wiki/inc/init.php(230): dokuwiki\Extension\EventHandler->__construct()
  #6 /home/jumpsta1/public_html/jumpstart.gg/wiki/lib/exe/js.php(20): require_once('/home/jumpsta1/...')
  #7 {main}
2026-06-19 02:22:26	/home/jumpsta1/public_html/jumpstart.gg/wiki/lib/plugins/jumpstart/action.php(568)	ParseError: syntax error, unexpected identifier "px"
  #0 /home/jumpsta1/public_html/jumpstart.gg/wiki/inc/load.php(104): class@anonymous->autoloadNamedPluginClass('action_plugin_j...')
  #1 [internal function]: class@anonymous->autoload('action_plugin_j...')
  #2 /home/jumpsta1/public_html/jumpstart.gg/wiki/inc/Extension/PluginController.php(107): class_exists('action_plugin_j...', true)
  #3 /home/jumpsta1/public_html/jumpstart.gg/wiki/inc/pluginutils.php(55): dokuwiki\Extension\PluginController->load('action', 'jumpstart', false, false)
  #4 /home/jumpsta1/public_html/jumpstart.gg/wiki/inc/Extension/EventHandler.php(32): plugin_load('action', 'jumpstart')
  #5 /home/jumpsta1/public_html/jumpstart.gg/wiki/inc/init.php(230): dokuwiki\Extension\EventHandler->__construct()
  #6 /home/jumpsta1/public_html/jumpstart.gg/wiki/lib/exe/taskrunner.php(16): require_once('/home/jumpsta1/...')
  #7 {main}
2026-06-19 02:22:27	/home/jumpsta1/public_html/jumpstart.gg/wiki/lib/plugins/jumpstart/action.php(568)	ParseError: syntax error, unexpected identifier "px"
  #0 /home/jumpsta1/public_html/jumpstart.gg/wiki/inc/load.php(104): class@anonymous->autoloadNamedPluginClass('action_plugin_j...')
  #1 [internal function]: class@anonymous->autoload('action_plugin_j...')
  #2 /home/jumpsta1/public_html/jumpstart.gg/wiki/inc/Extension/PluginController.php(107): class_exists('action_plugin_j...', true)
  #3 /home/jumpsta1/public_html/jumpstart.gg/wiki/inc/pluginutils.php(55): dokuwiki\Extension\PluginController->load('action', 'jumpstart', false, false)
  #4 /home/jumpsta1/public_html/jumpstart.gg/wiki/inc/Extension/EventHandler.php(32): plugin_load('action', 'jumpstart')
  #5 /home/jumpsta1/public_html/jumpstart.gg/wiki/inc/init.php(230): dokuwiki\Extension\EventHandler->__construct()
  #6 /home/jumpsta1/public_html/jumpstart.gg/wiki/lib/exe/fetch.php(15): require_once('/home/jumpsta1/...')
  #7 {main}
2026-06-19 02:22:27	/home/jumpsta1/public_html/jumpstart.gg/wiki/lib/plugins/jumpstart/action.php(568)	ParseError: syntax error, unexpected identifier "px"
  #0 /home/jumpsta1/public_html/jumpstart.gg/wiki/inc/load.php(104): class@anonymous->autoloadNamedPluginClass('action_plugin_j...')
  #1 [internal function]: class@anonymous->autoload('action_plugin_j...')
  #2 /home/jumpsta1/public_html/jumpstart.gg/wiki/inc/Extension/PluginController.php(107): class_exists('action_plugin_j...', true)
  #3 /home/jumpsta1/public_html/jumpstart.gg/wiki/inc/pluginutils.php(55): dokuwiki\Extension\PluginController->load('action', 'jumpstart', false, false)
  #4 /home/jumpsta1/public_html/jumpstart.gg/wiki/inc/Extension/EventHandler.php(32): plugin_load('action', 'jumpstart')
  #5 /home/jumpsta1/public_html/jumpstart.gg/wiki/inc/init.php(230): dokuwiki\Extension\EventHandler->__construct()
  #6 /home/jumpsta1/public_html/jumpstart.gg/wiki/lib/exe/fetch.php(15): require_once('/home/jumpsta1/...')
  #7 {main}
2026-06-19 02:22:27	/home/jumpsta1/public_html/jumpstart.gg/wiki/lib/plugins/jumpstart/action.php(568)	ParseError: syntax error, unexpected identifier "px"
  #0 /home/jumpsta1/public_html/jumpstart.gg/wiki/inc/load.php(104): class@anonymous->autoloadNamedPluginClass('action_plugin_j...')
  #1 [internal function]: class@anonymous->autoload('action_plugin_j...')
  #2 /home/jumpsta1/public_html/jumpstart.gg/wiki/inc/Extension/PluginController.php(107): class_exists('action_plugin_j...', true)
  #3 /home/jumpsta1/public_html/jumpstart.gg/wiki/inc/pluginutils.php(55): dokuwiki\Extension\PluginController->load('action', 'jumpstart', false, false)
  #4 /home/jumpsta1/public_html/jumpstart.gg/wiki/inc/Extension/EventHandler.php(32): plugin_load('action', 'jumpstart')
  #5 /home/jumpsta1/public_html/jumpstart.gg/wiki/inc/init.php(230): dokuwiki\Extension\EventHandler->__construct()
  #6 /home/jumpsta1/public_html/jumpstart.gg/wiki/lib/exe/fetch.php(15): require_once('/home/jumpsta1/...')
  #7 {main}
2026-06-19 02:22:27	/home/jumpsta1/public_html/jumpstart.gg/wiki/lib/plugins/jumpstart/action.php(568)	ParseError: syntax error, unexpected identifier "px"
  #0 /home/jumpsta1/public_html/jumpstart.gg/wiki/inc/load.php(104): class@anonymous->autoloadNamedPluginClass('action_plugin_j...')
  #1 [internal function]: class@anonymous->autoload('action_plugin_j...')
  #2 /home/jumpsta1/public_html/jumpstart.gg/wiki/inc/Extension/PluginController.php(107): class_exists('action_plugin_j...', true)
  #3 /home/jumpsta1/public_html/jumpstart.gg/wiki/inc/pluginutils.php(55): dokuwiki\Extension\PluginController->load('action', 'jumpstart', false, false)
  #4 /home/jumpsta1/public_html/jumpstart.gg/wiki/inc/Extension/EventHandler.php(32): plugin_load('action', 'jumpstart')
  #5 /home/jumpsta1/public_html/jumpstart.gg/wiki/inc/init.php(230): dokuwiki\Extension\EventHandler->__construct()
  #6 /home/jumpsta1/public_html/jumpstart.gg/wiki/lib/exe/fetch.php(15): require_once('/home/jumpsta1/...')
  #7 {main}
2026-06-19 02:22:27	/home/jumpsta1/public_html/jumpstart.gg/wiki/lib/plugins/jumpstart/action.php(568)	ParseError: syntax error, unexpected identifier "px"
  #0 /home/jumpsta1/public_html/jumpstart.gg/wiki/inc/load.php(104): class@anonymous->autoloadNamedPluginClass('action_plugin_j...')
  #1 [internal function]: class@anonymous->autoload('action_plugin_j...')
  #2 /home/jumpsta1/public_html/jumpstart.gg/wiki/inc/Extension/PluginController.php(107): class_exists('action_plugin_j...', true)
  #3 /home/jumpsta1/public_html/jumpstart.gg/wiki/inc/pluginutils.php(55): dokuwiki\Extension\PluginController->load('action', 'jumpstart', false, false)
  #4 /home/jumpsta1/public_html/jumpstart.gg/wiki/inc/Extension/EventHandler.php(32): plugin_load('action', 'jumpstart')
  #5 /home/jumpsta1/public_html/jumpstart.gg/wiki/inc/init.php(230): dokuwiki\Extension\EventHandler->__construct()
  #6 /home/jumpsta1/public_html/jumpstart.gg/wiki/lib/exe/fetch.php(15): require_once('/home/jumpsta1/...')
  #7 {main}
2026-06-19 02:22:27	/home/jumpsta1/public_html/jumpstart.gg/wiki/lib/plugins/jumpstart/action.php(568)	ParseError: syntax error, unexpected identifier "px"
  #0 /home/jumpsta1/public_html/jumpstart.gg/wiki/inc/load.php(104): class@anonymous->autoloadNamedPluginClass('action_plugin_j...')
  #1 [internal function]: class@anonymous->autoload('action_plugin_j...')
  #2 /home/jumpsta1/public_html/jumpstart.gg/wiki/inc/Extension/PluginController.php(107): class_exists('action_plugin_j...', true)
  #3 /home/jumpsta1/public_html/jumpstart.gg/wiki/inc/pluginutils.php(55): dokuwiki\Extension\PluginController->load('action', 'jumpstart', false, false)
  #4 /home/jumpsta1/public_html/jumpstart.gg/wiki/inc/Extension/EventHandler.php(32): plugin_load('action', 'jumpstart')
  #5 /home/jumpsta1/public_html/jumpstart.gg/wiki/inc/init.php(230): dokuwiki\Extension\EventHandler->__construct()
  #6 /home/jumpsta1/public_html/jumpstart.gg/wiki/lib/tpl/bootstrap3/iconify.php(65): require_once('/home/jumpsta1/...')
  #7 {main}
2026-06-19 02:22:27	/home/jumpsta1/public_html/jumpstart.gg/wiki/lib/plugins/jumpstart/action.php(568)	ParseError: syntax error, unexpected identifier "px"
  #0 /home/jumpsta1/public_html/jumpstart.gg/wiki/inc/load.php(104): class@anonymous->autoloadNamedPluginClass('action_plugin_j...')
  #1 [internal function]: class@anonymous->autoload('action_plugin_j...')
  #2 /home/jumpsta1/public_html/jumpstart.gg/wiki/inc/Extension/PluginController.php(107): class_exists('action_plugin_j...', true)
  #3 /home/jumpsta1/public_html/jumpstart.gg/wiki/inc/pluginutils.php(55): dokuwiki\Extension\PluginController->load('action', 'jumpstart', false, false)
  #4 /home/jumpsta1/public_html/jumpstart.gg/wiki/inc/Extension/EventHandler.php(32): plugin_load('action', 'jumpstart')
  #5 /home/jumpsta1/public_html/jumpstart.gg/wiki/inc/init.php(230): dokuwiki\Extension\EventHandler->__construct()
  #6 /home/jumpsta1/public_html/jumpstart.gg/wiki/lib/tpl/bootstrap3/iconify.php(65): require_once('/home/jumpsta1/...')
  #7 {main}
2026-06-19 02:22:27	/home/jumpsta1/public_html/jumpstart.gg/wiki/lib/plugins/jumpstart/action.php(568)	ParseError: syntax error, unexpected identifier "px"
  #0 /home/jumpsta1/public_html/jumpstart.gg/wiki/inc/load.php(104): class@anonymous->autoloadNamedPluginClass('action_plugin_j...')
  #1 [internal function]: class@anonymous->autoload('action_plugin_j...')
  #2 /home/jumpsta1/public_html/jumpstart.gg/wiki/inc/Extension/PluginController.php(107): class_exists('action_plugin_j...', true)
  #3 /home/jumpsta1/public_html/jumpstart.gg/wiki/inc/pluginutils.php(55): dokuwiki\Extension\PluginController->load('action', 'jumpstart', false, false)
  #4 /home/jumpsta1/public_html/jumpstart.gg/wiki/inc/Extension/EventHandler.php(32): plugin_load('action', 'jumpstart')
  #5 /home/jumpsta1/public_html/jumpstart.gg/wiki/inc/init.php(230): dokuwiki\Extension\EventHandler->__construct()
  #6 /home/jumpsta1/public_html/jumpstart.gg/wiki/lib/tpl/bootstrap3/iconify.php(65): require_once('/home/jumpsta1/...')
  #7 {main}
2026-06-19 02:22:27	/home/jumpsta1/public_html/jumpstart.gg/wiki/lib/plugins/jumpstart/action.php(568)	ParseError: syntax error, unexpected identifier "px"
  #0 /home/jumpsta1/public_html/jumpstart.gg/wiki/inc/load.php(104): class@anonymous->autoloadNamedPluginClass('action_plugin_j...')
  #1 [internal function]: class@anonymous->autoload('action_plugin_j...')
  #2 /home/jumpsta1/public_html/jumpstart.gg/wiki/inc/Extension/PluginController.php(107): class_exists('action_plugin_j...', true)
  #3 /home/jumpsta1/public_html/jumpstart.gg/wiki/inc/pluginutils.php(55): dokuwiki\Extension\PluginController->load('action', 'jumpstart', false, false)
  #4 /home/jumpsta1/public_html/jumpstart.gg/wiki/inc/Extension/EventHandler.php(32): plugin_load('action', 'jumpstart')
  #5 /home/jumpsta1/public_html/jumpstart.gg/wiki/inc/init.php(230): dokuwiki\Extension\EventHandler->__construct()
  #6 /home/jumpsta1/public_html/jumpstart.gg/wiki/lib/tpl/bootstrap3/iconify.php(65): require_once('/home/jumpsta1/...')
  #7 {main}
2026-06-19 02:22:27	/home/jumpsta1/public_html/jumpstart.gg/wiki/lib/plugins/jumpstart/action.php(568)	ParseError: syntax error, unexpected identifier "px"
  #0 /home/jumpsta1/public_html/jumpstart.gg/wiki/inc/load.php(104): class@anonymous->autoloadNamedPluginClass('action_plugin_j...')
  #1 [internal function]: class@anonymous->autoload('action_plugin_j...')
  #2 /home/jumpsta1/public_html/jumpstart.gg/wiki/inc/Extension/PluginController.php(107): class_exists('action_plugin_j...', true)
  #3 /home/jumpsta1/public_html/jumpstart.gg/wiki/inc/pluginutils.php(55): dokuwiki\Extension\PluginController->load('action', 'jumpstart', false, false)
  #4 /home/jumpsta1/public_html/jumpstart.gg/wiki/inc/Extension/EventHandler.php(32): plugin_load('action', 'jumpstart')
  #5 /home/jumpsta1/public_html/jumpstart.gg/wiki/inc/init.php(230): dokuwiki\Extension\EventHandler->__construct()
  #6 /home/jumpsta1/public_html/jumpstart.gg/wiki/lib/tpl/bootstrap3/iconify.php(65): require_once('/home/jumpsta1/...')
  #7 {main}
2026-06-19 02:22:27	/home/jumpsta1/public_html/jumpstart.gg/wiki/lib/plugins/jumpstart/action.php(568)	ParseError: syntax error, unexpected identifier "px"
  #0 /home/jumpsta1/public_html/jumpstart.gg/wiki/inc/load.php(104): class@anonymous->autoloadNamedPluginClass('action_plugin_j...')
  #1 [internal function]: class@anonymous->autoload('action_plugin_j...')
  #2 /home/jumpsta1/public_html/jumpstart.gg/wiki/inc/Extension/PluginController.php(107): class_exists('action_plugin_j...', true)
  #3 /home/jumpsta1/public_html/jumpstart.gg/wiki/inc/pluginutils.php(55): dokuwiki\Extension\PluginController->load('action', 'jumpstart', false, false)
  #4 /home/jumpsta1/public_html/jumpstart.gg/wiki/inc/Extension/EventHandler.php(32): plugin_load('action', 'jumpstart')
  #5 /home/jumpsta1/public_html/jumpstart.gg/wiki/inc/init.php(230): dokuwiki\Extension\EventHandler->__construct()
  #6 /home/jumpsta1/public_html/jumpstart.gg/wiki/lib/tpl/bootstrap3/iconify.php(65): require_once('/home/jumpsta1/...')
  #7 {main}
2026-06-19 02:22:27	/home/jumpsta1/public_html/jumpstart.gg/wiki/lib/plugins/jumpstart/action.php(568)	ParseError: syntax error, unexpected identifier "px"
  #0 /home/jumpsta1/public_html/jumpstart.gg/wiki/inc/load.php(104): class@anonymous->autoloadNamedPluginClass('action_plugin_j...')
  #1 [internal function]: class@anonymous->autoload('action_plugin_j...')
  #2 /home/jumpsta1/public_html/jumpstart.gg/wiki/inc/Extension/PluginController.php(107): class_exists('action_plugin_j...', true)
  #3 /home/jumpsta1/public_html/jumpstart.gg/wiki/inc/pluginutils.php(55): dokuwiki\Extension\PluginController->load('action', 'jumpstart', false, false)
  #4 /home/jumpsta1/public_html/jumpstart.gg/wiki/inc/Extension/EventHandler.php(32): plugin_load('action', 'jumpstart')
  #5 /home/jumpsta1/public_html/jumpstart.gg/wiki/inc/init.php(230): dokuwiki\Extension\EventHandler->__construct()
  #6 /home/jumpsta1/public_html/jumpstart.gg/wiki/lib/tpl/bootstrap3/iconify.php(65): require_once('/home/jumpsta1/...')
  #7 {main}
2026-06-19 02:22:27	/home/jumpsta1/public_html/jumpstart.gg/wiki/lib/plugins/jumpstart/action.php(568)	ParseError: syntax error, unexpected identifier "px"
  #0 /home/jumpsta1/public_html/jumpstart.gg/wiki/inc/load.php(104): class@anonymous->autoloadNamedPluginClass('action_plugin_j...')
  #1 [internal function]: class@anonymous->autoload('action_plugin_j...')
  #2 /home/jumpsta1/public_html/jumpstart.gg/wiki/inc/Extension/PluginController.php(107): class_exists('action_plugin_j...', true)
  #3 /home/jumpsta1/public_html/jumpstart.gg/wiki/inc/pluginutils.php(55): dokuwiki\Extension\PluginController->load('action', 'jumpstart', false, false)
  #4 /home/jumpsta1/public_html/jumpstart.gg/wiki/inc/Extension/EventHandler.php(32): plugin_load('action', 'jumpstart')
  #5 /home/jumpsta1/public_html/jumpstart.gg/wiki/inc/init.php(230): dokuwiki\Extension\EventHandler->__construct()
  #6 /home/jumpsta1/public_html/jumpstart.gg/wiki/lib/tpl/bootstrap3/iconify.php(65): require_once('/home/jumpsta1/...')
  #7 {main}
2026-06-19 02:22:27	/home/jumpsta1/public_html/jumpstart.gg/wiki/lib/plugins/jumpstart/action.php(568)	ParseError: syntax error, unexpected identifier "px"
  #0 /home/jumpsta1/public_html/jumpstart.gg/wiki/inc/load.php(104): class@anonymous->autoloadNamedPluginClass('action_plugin_j...')
  #1 [internal function]: class@anonymous->autoload('action_plugin_j...')
  #2 /home/jumpsta1/public_html/jumpstart.gg/wiki/inc/Extension/PluginController.php(107): class_exists('action_plugin_j...', true)
  #3 /home/jumpsta1/public_html/jumpstart.gg/wiki/inc/pluginutils.php(55): dokuwiki\Extension\PluginController->load('action', 'jumpstart', false, false)
  #4 /home/jumpsta1/public_html/jumpstart.gg/wiki/inc/Extension/EventHandler.php(32): plugin_load('action', 'jumpstart')
  #5 /home/jumpsta1/public_html/jumpstart.gg/wiki/inc/init.php(230): dokuwiki\Extension\EventHandler->__construct()
  #6 /home/jumpsta1/public_html/jumpstart.gg/wiki/lib/tpl/bootstrap3/iconify.php(65): require_once('/home/jumpsta1/...')
  #7 {main}
2026-06-19 02:22:27	/home/jumpsta1/public_html/jumpstart.gg/wiki/lib/plugins/jumpstart/action.php(568)	ParseError: syntax error, unexpected identifier "px"
  #0 /home/jumpsta1/public_html/jumpstart.gg/wiki/inc/load.php(104): class@anonymous->autoloadNamedPluginClass('action_plugin_j...')
  #1 [internal function]: class@anonymous->autoload('action_plugin_j...')
  #2 /home/jumpsta1/public_html/jumpstart.gg/wiki/inc/Extension/PluginController.php(107): class_exists('action_plugin_j...', true)
  #3 /home/jumpsta1/public_html/jumpstart.gg/wiki/inc/pluginutils.php(55): dokuwiki\Extension\PluginController->load('action', 'jumpstart', false, false)
  #4 /home/jumpsta1/public_html/jumpstart.gg/wiki/inc/Extension/EventHandler.php(32): plugin_load('action', 'jumpstart')
  #5 /home/jumpsta1/public_html/jumpstart.gg/wiki/inc/init.php(230): dokuwiki\Extension\EventHandler->__construct()
  #6 /home/jumpsta1/public_html/jumpstart.gg/wiki/lib/tpl/bootstrap3/iconify.php(65): require_once('/home/jumpsta1/...')
  #7 {main}
2026-06-19 02:22:27	/home/jumpsta1/public_html/jumpstart.gg/wiki/lib/plugins/jumpstart/action.php(568)	ParseError: syntax error, unexpected identifier "px"
  #0 /home/jumpsta1/public_html/jumpstart.gg/wiki/inc/load.php(104): class@anonymous->autoloadNamedPluginClass('action_plugin_j...')
  #1 [internal function]: class@anonymous->autoload('action_plugin_j...')
  #2 /home/jumpsta1/public_html/jumpstart.gg/wiki/inc/Extension/PluginController.php(107): class_exists('action_plugin_j...', true)
  #3 /home/jumpsta1/public_html/jumpstart.gg/wiki/inc/pluginutils.php(55): dokuwiki\Extension\PluginController->load('action', 'jumpstart', false, false)
  #4 /home/jumpsta1/public_html/jumpstart.gg/wiki/inc/Extension/EventHandler.php(32): plugin_load('action', 'jumpstart')
  #5 /home/jumpsta1/public_html/jumpstart.gg/wiki/inc/init.php(230): dokuwiki\Extension\EventHandler->__construct()
  #6 /home/jumpsta1/public_html/jumpstart.gg/wiki/lib/tpl/bootstrap3/iconify.php(65): require_once('/home/jumpsta1/...')
  #7 {main}
2026-06-19 02:22:27	/home/jumpsta1/public_html/jumpstart.gg/wiki/lib/plugins/jumpstart/action.php(568)	ParseError: syntax error, unexpected identifier "px"
  #0 /home/jumpsta1/public_html/jumpstart.gg/wiki/inc/load.php(104): class@anonymous->autoloadNamedPluginClass('action_plugin_j...')
  #1 [internal function]: class@anonymous->autoload('action_plugin_j...')
  #2 /home/jumpsta1/public_html/jumpstart.gg/wiki/inc/Extension/PluginController.php(107): class_exists('action_plugin_j...', true)
  #3 /home/jumpsta1/public_html/jumpstart.gg/wiki/inc/pluginutils.php(55): dokuwiki\Extension\PluginController->load('action', 'jumpstart', false, false)
  #4 /home/jumpsta1/public_html/jumpstart.gg/wiki/inc/Extension/EventHandler.php(32): plugin_load('action', 'jumpstart')
  #5 /home/jumpsta1/public_html/jumpstart.gg/wiki/inc/init.php(230): dokuwiki\Extension\EventHandler->__construct()
  #6 /home/jumpsta1/public_html/jumpstart.gg/wiki/lib/tpl/bootstrap3/iconify.php(65): require_once('/home/jumpsta1/...')
  #7 {main}
2026-06-19 02:22:27	/home/jumpsta1/public_html/jumpstart.gg/wiki/lib/plugins/jumpstart/action.php(568)	ParseError: syntax error, unexpected identifier "px"
  #0 /home/jumpsta1/public_html/jumpstart.gg/wiki/inc/load.php(104): class@anonymous->autoloadNamedPluginClass('action_plugin_j...')
  #1 [internal function]: class@anonymous->autoload('action_plugin_j...')
  #2 /home/jumpsta1/public_html/jumpstart.gg/wiki/inc/Extension/PluginController.php(107): class_exists('action_plugin_j...', true)
  #3 /home/jumpsta1/public_html/jumpstart.gg/wiki/inc/pluginutils.php(55): dokuwiki\Extension\PluginController->load('action', 'jumpstart', false, false)
  #4 /home/jumpsta1/public_html/jumpstart.gg/wiki/inc/Extension/EventHandler.php(32): plugin_load('action', 'jumpstart')
  #5 /home/jumpsta1/public_html/jumpstart.gg/wiki/inc/init.php(230): dokuwiki\Extension\EventHandler->__construct()
  #6 /home/jumpsta1/public_html/jumpstart.gg/wiki/lib/tpl/bootstrap3/iconify.php(65): require_once('/home/jumpsta1/...')
  #7 {main}
2026-06-19 02:22:27	/home/jumpsta1/public_html/jumpstart.gg/wiki/lib/plugins/jumpstart/action.php(568)	ParseError: syntax error, unexpected identifier "px"
  #0 /home/jumpsta1/public_html/jumpstart.gg/wiki/inc/load.php(104): class@anonymous->autoloadNamedPluginClass('action_plugin_j...')
  #1 [internal function]: class@anonymous->autoload('action_plugin_j...')
  #2 /home/jumpsta1/public_html/jumpstart.gg/wiki/inc/Extension/PluginController.php(107): class_exists('action_plugin_j...', true)
  #3 /home/jumpsta1/public_html/jumpstart.gg/wiki/inc/pluginutils.php(55): dokuwiki\Extension\PluginController->load('action', 'jumpstart', false, false)
  #4 /home/jumpsta1/public_html/jumpstart.gg/wiki/inc/Extension/EventHandler.php(32): plugin_load('action', 'jumpstart')
  #5 /home/jumpsta1/public_html/jumpstart.gg/wiki/inc/init.php(230): dokuwiki\Extension\EventHandler->__construct()
  #6 /home/jumpsta1/public_html/jumpstart.gg/wiki/lib/tpl/bootstrap3/iconify.php(65): require_once('/home/jumpsta1/...')
  #7 {main}
2026-06-19 02:22:27	/home/jumpsta1/public_html/jumpstart.gg/wiki/lib/plugins/jumpstart/action.php(568)	ParseError: syntax error, unexpected identifier "px"
  #0 /home/jumpsta1/public_html/jumpstart.gg/wiki/inc/load.php(104): class@anonymous->autoloadNamedPluginClass('action_plugin_j...')
  #1 [internal function]: class@anonymous->autoload('action_plugin_j...')
  #2 /home/jumpsta1/public_html/jumpstart.gg/wiki/inc/Extension/PluginController.php(107): class_exists('action_plugin_j...', true)
  #3 /home/jumpsta1/public_html/jumpstart.gg/wiki/inc/pluginutils.php(55): dokuwiki\Extension\PluginController->load('action', 'jumpstart', false, false)
  #4 /home/jumpsta1/public_html/jumpstart.gg/wiki/inc/Extension/EventHandler.php(32): plugin_load('action', 'jumpstart')
  #5 /home/jumpsta1/public_html/jumpstart.gg/wiki/inc/init.php(230): dokuwiki\Extension\EventHandler->__construct()
  #6 /home/jumpsta1/public_html/jumpstart.gg/wiki/lib/tpl/bootstrap3/iconify.php(65): require_once('/home/jumpsta1/...')
  #7 {main}
2026-06-19 02:22:27	/home/jumpsta1/public_html/jumpstart.gg/wiki/lib/plugins/jumpstart/action.php(568)	ParseError: syntax error, unexpected identifier "px"
  #0 /home/jumpsta1/public_html/jumpstart.gg/wiki/inc/load.php(104): class@anonymous->autoloadNamedPluginClass('action_plugin_j...')
  #1 [internal function]: class@anonymous->autoload('action_plugin_j...')
  #2 /home/jumpsta1/public_html/jumpstart.gg/wiki/inc/Extension/PluginController.php(107): class_exists('action_plugin_j...', true)
  #3 /home/jumpsta1/public_html/jumpstart.gg/wiki/inc/pluginutils.php(55): dokuwiki\Extension\PluginController->load('action', 'jumpstart', false, false)
  #4 /home/jumpsta1/public_html/jumpstart.gg/wiki/inc/Extension/EventHandler.php(32): plugin_load('action', 'jumpstart')
  #5 /home/jumpsta1/public_html/jumpstart.gg/wiki/inc/init.php(230): dokuwiki\Extension\EventHandler->__construct()
  #6 /home/jumpsta1/public_html/jumpstart.gg/wiki/lib/tpl/bootstrap3/iconify.php(65): require_once('/home/jumpsta1/...')
  #7 {main}
2026-06-19 02:22:27	/home/jumpsta1/public_html/jumpstart.gg/wiki/lib/plugins/jumpstart/action.php(568)	ParseError: syntax error, unexpected identifier "px"
  #0 /home/jumpsta1/public_html/jumpstart.gg/wiki/inc/load.php(104): class@anonymous->autoloadNamedPluginClass('action_plugin_j...')
  #1 [internal function]: class@anonymous->autoload('action_plugin_j...')
  #2 /home/jumpsta1/public_html/jumpstart.gg/wiki/inc/Extension/PluginController.php(107): class_exists('action_plugin_j...', true)
  #3 /home/jumpsta1/public_html/jumpstart.gg/wiki/inc/pluginutils.php(55): dokuwiki\Extension\PluginController->load('action', 'jumpstart', false, false)
  #4 /home/jumpsta1/public_html/jumpstart.gg/wiki/inc/Extension/EventHandler.php(32): plugin_load('action', 'jumpstart')
  #5 /home/jumpsta1/public_html/jumpstart.gg/wiki/inc/init.php(230): dokuwiki\Extension\EventHandler->__construct()
  #6 /home/jumpsta1/public_html/jumpstart.gg/wiki/lib/tpl/bootstrap3/iconify.php(65): require_once('/home/jumpsta1/...')
  #7 {main}
2026-06-19 02:22:27	/home/jumpsta1/public_html/jumpstart.gg/wiki/lib/plugins/jumpstart/action.php(568)	ParseError: syntax error, unexpected identifier "px"
  #0 /home/jumpsta1/public_html/jumpstart.gg/wiki/inc/load.php(104): class@anonymous->autoloadNamedPluginClass('action_plugin_j...')
  #1 [internal function]: class@anonymous->autoload('action_plugin_j...')
  #2 /home/jumpsta1/public_html/jumpstart.gg/wiki/inc/Extension/PluginController.php(107): class_exists('action_plugin_j...', true)
  #3 /home/jumpsta1/public_html/jumpstart.gg/wiki/inc/pluginutils.php(55): dokuwiki\Extension\PluginController->load('action', 'jumpstart', false, false)
  #4 /home/jumpsta1/public_html/jumpstart.gg/wiki/inc/Extension/EventHandler.php(32): plugin_load('action', 'jumpstart')
  #5 /home/jumpsta1/public_html/jumpstart.gg/wiki/inc/init.php(230): dokuwiki\Extension\EventHandler->__construct()
  #6 /home/jumpsta1/public_html/jumpstart.gg/wiki/lib/tpl/bootstrap3/iconify.php(65): require_once('/home/jumpsta1/...')
  #7 {main}
2026-06-19 02:22:27	/home/jumpsta1/public_html/jumpstart.gg/wiki/lib/plugins/jumpstart/action.php(568)	ParseError: syntax error, unexpected identifier "px"
  #0 /home/jumpsta1/public_html/jumpstart.gg/wiki/inc/load.php(104): class@anonymous->autoloadNamedPluginClass('action_plugin_j...')
  #1 [internal function]: class@anonymous->autoload('action_plugin_j...')
  #2 /home/jumpsta1/public_html/jumpstart.gg/wiki/inc/Extension/PluginController.php(107): class_exists('action_plugin_j...', true)
  #3 /home/jumpsta1/public_html/jumpstart.gg/wiki/inc/pluginutils.php(55): dokuwiki\Extension\PluginController->load('action', 'jumpstart', false, false)
  #4 /home/jumpsta1/public_html/jumpstart.gg/wiki/inc/Extension/EventHandler.php(32): plugin_load('action', 'jumpstart')
  #5 /home/jumpsta1/public_html/jumpstart.gg/wiki/inc/init.php(230): dokuwiki\Extension\EventHandler->__construct()
  #6 /home/jumpsta1/public_html/jumpstart.gg/wiki/lib/tpl/bootstrap3/iconify.php(65): require_once('/home/jumpsta1/...')
  #7 {main}
2026-06-19 02:22:27	/home/jumpsta1/public_html/jumpstart.gg/wiki/lib/plugins/jumpstart/action.php(568)	ParseError: syntax error, unexpected identifier "px"
  #0 /home/jumpsta1/public_html/jumpstart.gg/wiki/inc/load.php(104): class@anonymous->autoloadNamedPluginClass('action_plugin_j...')
  #1 [internal function]: class@anonymous->autoload('action_plugin_j...')
  #2 /home/jumpsta1/public_html/jumpstart.gg/wiki/inc/Extension/PluginController.php(107): class_exists('action_plugin_j...', true)
  #3 /home/jumpsta1/public_html/jumpstart.gg/wiki/inc/pluginutils.php(55): dokuwiki\Extension\PluginController->load('action', 'jumpstart', false, false)
  #4 /home/jumpsta1/public_html/jumpstart.gg/wiki/inc/Extension/EventHandler.php(32): plugin_load('action', 'jumpstart')
  #5 /home/jumpsta1/public_html/jumpstart.gg/wiki/inc/init.php(230): dokuwiki\Extension\EventHandler->__construct()
  #6 /home/jumpsta1/public_html/jumpstart.gg/wiki/lib/tpl/bootstrap3/iconify.php(65): require_once('/home/jumpsta1/...')
  #7 {main}
2026-06-19 02:22:27	/home/jumpsta1/public_html/jumpstart.gg/wiki/lib/plugins/jumpstart/action.php(568)	ParseError: syntax error, unexpected identifier "px"
  #0 /home/jumpsta1/public_html/jumpstart.gg/wiki/inc/load.php(104): class@anonymous->autoloadNamedPluginClass('action_plugin_j...')
  #1 [internal function]: class@anonymous->autoload('action_plugin_j...')
  #2 /home/jumpsta1/public_html/jumpstart.gg/wiki/inc/Extension/PluginController.php(107): class_exists('action_plugin_j...', true)
  #3 /home/jumpsta1/public_html/jumpstart.gg/wiki/inc/pluginutils.php(55): dokuwiki\Extension\PluginController->load('action', 'jumpstart', false, false)
  #4 /home/jumpsta1/public_html/jumpstart.gg/wiki/inc/Extension/EventHandler.php(32): plugin_load('action', 'jumpstart')
  #5 /home/jumpsta1/public_html/jumpstart.gg/wiki/inc/init.php(230): dokuwiki\Extension\EventHandler->__construct()
  #6 /home/jumpsta1/public_html/jumpstart.gg/wiki/lib/tpl/bootstrap3/iconify.php(65): require_once('/home/jumpsta1/...')
  #7 {main}
2026-06-19 02:22:27	/home/jumpsta1/public_html/jumpstart.gg/wiki/lib/plugins/jumpstart/action.php(568)	ParseError: syntax error, unexpected identifier "px"
  #0 /home/jumpsta1/public_html/jumpstart.gg/wiki/inc/load.php(104): class@anonymous->autoloadNamedPluginClass('action_plugin_j...')
  #1 [internal function]: class@anonymous->autoload('action_plugin_j...')
  #2 /home/jumpsta1/public_html/jumpstart.gg/wiki/inc/Extension/PluginController.php(107): class_exists('action_plugin_j...', true)
  #3 /home/jumpsta1/public_html/jumpstart.gg/wiki/inc/pluginutils.php(55): dokuwiki\Extension\PluginController->load('action', 'jumpstart', false, false)
  #4 /home/jumpsta1/public_html/jumpstart.gg/wiki/inc/Extension/EventHandler.php(32): plugin_load('action', 'jumpstart')
  #5 /home/jumpsta1/public_html/jumpstart.gg/wiki/inc/init.php(230): dokuwiki\Extension\EventHandler->__construct()
  #6 /home/jumpsta1/public_html/jumpstart.gg/wiki/lib/tpl/bootstrap3/iconify.php(65): require_once('/home/jumpsta1/...')
  #7 {main}
2026-06-19 02:22:27	/home/jumpsta1/public_html/jumpstart.gg/wiki/lib/plugins/jumpstart/action.php(568)	ParseError: syntax error, unexpected identifier "px"
  #0 /home/jumpsta1/public_html/jumpstart.gg/wiki/inc/load.php(104): class@anonymous->autoloadNamedPluginClass('action_plugin_j...')
  #1 [internal function]: class@anonymous->autoload('action_plugin_j...')
  #2 /home/jumpsta1/public_html/jumpstart.gg/wiki/inc/Extension/PluginController.php(107): class_exists('action_plugin_j...', true)
  #3 /home/jumpsta1/public_html/jumpstart.gg/wiki/inc/pluginutils.php(55): dokuwiki\Extension\PluginController->load('action', 'jumpstart', false, false)
  #4 /home/jumpsta1/public_html/jumpstart.gg/wiki/inc/Extension/EventHandler.php(32): plugin_load('action', 'jumpstart')
  #5 /home/jumpsta1/public_html/jumpstart.gg/wiki/inc/init.php(230): dokuwiki\Extension\EventHandler->__construct()
  #6 /home/jumpsta1/public_html/jumpstart.gg/wiki/lib/tpl/bootstrap3/iconify.php(65): require_once('/home/jumpsta1/...')
  #7 {main}
2026-06-19 02:22:28	/home/jumpsta1/public_html/jumpstart.gg/wiki/lib/plugins/jumpstart/action.php(568)	ParseError: syntax error, unexpected identifier "px"
  #0 /home/jumpsta1/public_html/jumpstart.gg/wiki/inc/load.php(104): class@anonymous->autoloadNamedPluginClass('action_plugin_j...')
  #1 [internal function]: class@anonymous->autoload('action_plugin_j...')
  #2 /home/jumpsta1/public_html/jumpstart.gg/wiki/inc/Extension/PluginController.php(107): class_exists('action_plugin_j...', true)
  #3 /home/jumpsta1/public_html/jumpstart.gg/wiki/inc/pluginutils.php(55): dokuwiki\Extension\PluginController->load('action', 'jumpstart', false, false)
  #4 /home/jumpsta1/public_html/jumpstart.gg/wiki/inc/Extension/EventHandler.php(32): plugin_load('action', 'jumpstart')
  #5 /home/jumpsta1/public_html/jumpstart.gg/wiki/inc/init.php(230): dokuwiki\Extension\EventHandler->__construct()
  #6 /home/jumpsta1/public_html/jumpstart.gg/wiki/lib/tpl/bootstrap3/iconify.php(65): require_once('/home/jumpsta1/...')
  #7 {main}
2026-06-19 02:22:28	/home/jumpsta1/public_html/jumpstart.gg/wiki/lib/plugins/jumpstart/action.php(568)	ParseError: syntax error, unexpected identifier "px"
  #0 /home/jumpsta1/public_html/jumpstart.gg/wiki/inc/load.php(104): class@anonymous->autoloadNamedPluginClass('action_plugin_j...')
  #1 [internal function]: class@anonymous->autoload('action_plugin_j...')
  #2 /home/jumpsta1/public_html/jumpstart.gg/wiki/inc/Extension/PluginController.php(107): class_exists('action_plugin_j...', true)
  #3 /home/jumpsta1/public_html/jumpstart.gg/wiki/inc/pluginutils.php(55): dokuwiki\Extension\PluginController->load('action', 'jumpstart', false, false)
  #4 /home/jumpsta1/public_html/jumpstart.gg/wiki/inc/Extension/EventHandler.php(32): plugin_load('action', 'jumpstart')
  #5 /home/jumpsta1/public_html/jumpstart.gg/wiki/inc/init.php(230): dokuwiki\Extension\EventHandler->__construct()
  #6 /home/jumpsta1/public_html/jumpstart.gg/wiki/lib/exe/manifest.php(9): require_once('/home/jumpsta1/...')
  #7 {main}
2026-06-19 02:22:28	/home/jumpsta1/public_html/jumpstart.gg/wiki/lib/plugins/jumpstart/action.php(568)	ParseError: syntax error, unexpected identifier "px"
  #0 /home/jumpsta1/public_html/jumpstart.gg/wiki/inc/load.php(104): class@anonymous->autoloadNamedPluginClass('action_plugin_j...')
  #1 [internal function]: class@anonymous->autoload('action_plugin_j...')
  #2 /home/jumpsta1/public_html/jumpstart.gg/wiki/inc/Extension/PluginController.php(107): class_exists('action_plugin_j...', true)
  #3 /home/jumpsta1/public_html/jumpstart.gg/wiki/inc/pluginutils.php(55): dokuwiki\Extension\PluginController->load('action', 'jumpstart', false, false)
  #4 /home/jumpsta1/public_html/jumpstart.gg/wiki/inc/Extension/EventHandler.php(32): plugin_load('action', 'jumpstart')
  #5 /home/jumpsta1/public_html/jumpstart.gg/wiki/inc/init.php(230): dokuwiki\Extension\EventHandler->__construct()
  #6 /home/jumpsta1/public_html/jumpstart.gg/wiki/lib/exe/fetch.php(15): require_once('/home/jumpsta1/...')
  #7 {main}
2026-06-19 02:23:14	/home/jumpsta1/public_html/jumpstart.gg/wiki/lib/plugins/jumpstart/action.php(568)	ParseError: syntax error, unexpected identifier "px"
  #0 /home/jumpsta1/public_html/jumpstart.gg/wiki/inc/load.php(104): class@anonymous->autoloadNamedPluginClass('action_plugin_j...')
  #1 [internal function]: class@anonymous->autoload('action_plugin_j...')
  #2 /home/jumpsta1/public_html/jumpstart.gg/wiki/inc/Extension/PluginController.php(107): class_exists('action_plugin_j...', true)
  #3 /home/jumpsta1/public_html/jumpstart.gg/wiki/inc/pluginutils.php(55): dokuwiki\Extension\PluginController->load('action', 'jumpstart', false, false)
  #4 /home/jumpsta1/public_html/jumpstart.gg/wiki/inc/Extension/EventHandler.php(32): plugin_load('action', 'jumpstart')
  #5 /home/jumpsta1/public_html/jumpstart.gg/wiki/inc/init.php(230): dokuwiki\Extension\EventHandler->__construct()
  #6 /home/jumpsta1/public_html/jumpstart.gg/wiki/doku.php(38): require_once('/home/jumpsta1/...')
  #7 {main}
2026-06-19 18:58:36	/home/jumpsta1/public_html/jumpstart.gg/wiki/lib/plugins/authplain/auth.php(470)	E_WARNING: preg_match(): Compilation failed: quantifier does not follow a repeatable item at offset 0
  #0 [internal function]: dokuwiki\ErrorHandler::errorHandler(2, 'preg_match(): C...', '/home/jumpsta1/...', 470)
  #1 /home/jumpsta1/public_html/jumpstart.gg/wiki/lib/plugins/authplain/auth.php(470): preg_match('/*awooga*/i', 'LimeLight')
  #2 /home/jumpsta1/public_html/jumpstart.gg/wiki/lib/plugins/authplain/auth.php(318): auth_plugin_authplain->filter('4800lightbulbs', Array)
  #3 /home/jumpsta1/public_html/jumpstart.gg/wiki/lib/plugins/jumpstart/action.php(42): auth_plugin_authplain->retrieveUsers(0, 100, Array)
  #4 /home/jumpsta1/public_html/jumpstart.gg/wiki/inc/Extension/EventHandler.php(80): action_plugin_jumpstart->handle_searchusers(Object(dokuwiki\Extension\Event), NULL)
  #5 /home/jumpsta1/public_html/jumpstart.gg/wiki/inc/Extension/Event.php(75): dokuwiki\Extension\EventHandler->process_event(Object(dokuwiki\Extension\Event), 'BEFORE')
  #6 /home/jumpsta1/public_html/jumpstart.gg/wiki/inc/ActionRouter.php(83): dokuwiki\Extension\Event->advise_before()
  #7 /home/jumpsta1/public_html/jumpstart.gg/wiki/inc/ActionRouter.php(49): dokuwiki\ActionRouter->setupAction('searchusers')
  #8 /home/jumpsta1/public_html/jumpstart.gg/wiki/inc/ActionRouter.php(62): dokuwiki\ActionRouter->__construct()
  #9 /home/jumpsta1/public_html/jumpstart.gg/wiki/inc/actions.php(19): dokuwiki\ActionRouter::getInstance(true)
  #10 /home/jumpsta1/public_html/jumpstart.gg/wiki/doku.php(131): act_dispatch()
  #11 {main}
2026-06-19 18:58:36	/home/jumpsta1/public_html/jumpstart.gg/wiki/lib/plugins/authplain/auth.php(470)	E_WARNING: preg_match(): Compilation failed: quantifier does not follow a repeatable item at offset 0
  #0 [internal function]: dokuwiki\ErrorHandler::errorHandler(2, 'preg_match(): C...', '/home/jumpsta1/...', 470)
  #1 /home/jumpsta1/public_html/jumpstart.gg/wiki/lib/plugins/authplain/auth.php(470): preg_match('/*awooga*/i', 'Awooga')
  #2 /home/jumpsta1/public_html/jumpstart.gg/wiki/lib/plugins/authplain/auth.php(318): auth_plugin_authplain->filter('awooga_dl', Array)
  #3 /home/jumpsta1/public_html/jumpstart.gg/wiki/lib/plugins/jumpstart/action.php(42): auth_plugin_authplain->retrieveUsers(0, 100, Array)
  #4 /home/jumpsta1/public_html/jumpstart.gg/wiki/inc/Extension/EventHandler.php(80): action_plugin_jumpstart->handle_searchusers(Object(dokuwiki\Extension\Event), NULL)
  #5 /home/jumpsta1/public_html/jumpstart.gg/wiki/inc/Extension/Event.php(75): dokuwiki\Extension\EventHandler->process_event(Object(dokuwiki\Extension\Event), 'BEFORE')
  #6 /home/jumpsta1/public_html/jumpstart.gg/wiki/inc/ActionRouter.php(83): dokuwiki\Extension\Event->advise_before()
  #7 /home/jumpsta1/public_html/jumpstart.gg/wiki/inc/ActionRouter.php(49): dokuwiki\ActionRouter->setupAction('searchusers')
  #8 /home/jumpsta1/public_html/jumpstart.gg/wiki/inc/ActionRouter.php(62): dokuwiki\ActionRouter->__construct()
  #9 /home/jumpsta1/public_html/jumpstart.gg/wiki/inc/actions.php(19): dokuwiki\ActionRouter::getInstance(true)
  #10 /home/jumpsta1/public_html/jumpstart.gg/wiki/doku.php(131): act_dispatch()
  #11 {main}
2026-06-19 18:58:36	/home/jumpsta1/public_html/jumpstart.gg/wiki/lib/plugins/authplain/auth.php(470)	E_WARNING: preg_match(): Compilation failed: quantifier does not follow a repeatable item at offset 0
  #0 [internal function]: dokuwiki\ErrorHandler::errorHandler(2, 'preg_match(): C...', '/home/jumpsta1/...', 470)
  #1 /home/jumpsta1/public_html/jumpstart.gg/wiki/lib/plugins/authplain/auth.php(470): preg_match('/*awooga*/i', 'RegretfulCurve')
  #2 /home/jumpsta1/public_html/jumpstart.gg/wiki/lib/plugins/authplain/auth.php(318): auth_plugin_authplain->filter('jumpstartadmin', Array)
  #3 /home/jumpsta1/public_html/jumpstart.gg/wiki/lib/plugins/jumpstart/action.php(42): auth_plugin_authplain->retrieveUsers(0, 100, Array)
  #4 /home/jumpsta1/public_html/jumpstart.gg/wiki/inc/Extension/EventHandler.php(80): action_plugin_jumpstart->handle_searchusers(Object(dokuwiki\Extension\Event), NULL)
  #5 /home/jumpsta1/public_html/jumpstart.gg/wiki/inc/Extension/Event.php(75): dokuwiki\Extension\EventHandler->process_event(Object(dokuwiki\Extension\Event), 'BEFORE')
  #6 /home/jumpsta1/public_html/jumpstart.gg/wiki/inc/ActionRouter.php(83): dokuwiki\Extension\Event->advise_before()
  #7 /home/jumpsta1/public_html/jumpstart.gg/wiki/inc/ActionRouter.php(49): dokuwiki\ActionRouter->setupAction('searchusers')
  #8 /home/jumpsta1/public_html/jumpstart.gg/wiki/inc/ActionRouter.php(62): dokuwiki\ActionRouter->__construct()
  #9 /home/jumpsta1/public_html/jumpstart.gg/wiki/inc/actions.php(19): dokuwiki\ActionRouter::getInstance(true)
  #10 /home/jumpsta1/public_html/jumpstart.gg/wiki/doku.php(131): act_dispatch()
  #11 {main}
2026-06-19 18:58:36	/home/jumpsta1/public_html/jumpstart.gg/wiki/lib/plugins/authplain/auth.php(470)	E_WARNING: preg_match(): Compilation failed: quantifier does not follow a repeatable item at offset 0
  #0 [internal function]: dokuwiki\ErrorHandler::errorHandler(2, 'preg_match(): C...', '/home/jumpsta1/...', 470)
  #1 /home/jumpsta1/public_html/jumpstart.gg/wiki/lib/plugins/authplain/auth.php(470): preg_match('/*awooga*/i', 'LimeLight')
  #2 /home/jumpsta1/public_html/jumpstart.gg/wiki/lib/plugins/authplain/auth.php(318): auth_plugin_authplain->filter('limelight', Array)
  #3 /home/jumpsta1/public_html/jumpstart.gg/wiki/lib/plugins/jumpstart/action.php(42): auth_plugin_authplain->retrieveUsers(0, 100, Array)
  #4 /home/jumpsta1/public_html/jumpstart.gg/wiki/inc/Extension/EventHandler.php(80): action_plugin_jumpstart->handle_searchusers(Object(dokuwiki\Extension\Event), NULL)
  #5 /home/jumpsta1/public_html/jumpstart.gg/wiki/inc/Extension/Event.php(75): dokuwiki\Extension\EventHandler->process_event(Object(dokuwiki\Extension\Event), 'BEFORE')
  #6 /home/jumpsta1/public_html/jumpstart.gg/wiki/inc/ActionRouter.php(83): dokuwiki\Extension\Event->advise_before()
  #7 /home/jumpsta1/public_html/jumpstart.gg/wiki/inc/ActionRouter.php(49): dokuwiki\ActionRouter->setupAction('searchusers')
  #8 /home/jumpsta1/public_html/jumpstart.gg/wiki/inc/ActionRouter.php(62): dokuwiki\ActionRouter->__construct()
  #9 /home/jumpsta1/public_html/jumpstart.gg/wiki/inc/actions.php(19): dokuwiki\ActionRouter::getInstance(true)
  #10 /home/jumpsta1/public_html/jumpstart.gg/wiki/doku.php(131): act_dispatch()
  #11 {main}
2026-06-19 18:58:36	/home/jumpsta1/public_html/jumpstart.gg/wiki/lib/plugins/authplain/auth.php(467)	E_WARNING: preg_match(): Compilation failed: quantifier does not follow a repeatable item at offset 0
  #0 [internal function]: dokuwiki\ErrorHandler::errorHandler(2, 'preg_match(): C...', '/home/jumpsta1/...', 467)
  #1 /home/jumpsta1/public_html/jumpstart.gg/wiki/lib/plugins/authplain/auth.php(467): preg_match('/*awooga*/i', '4800lightbulbs')
  #2 /home/jumpsta1/public_html/jumpstart.gg/wiki/lib/plugins/authplain/auth.php(318): auth_plugin_authplain->filter('4800lightbulbs', Array)
  #3 /home/jumpsta1/public_html/jumpstart.gg/wiki/lib/plugins/jumpstart/action.php(43): auth_plugin_authplain->retrieveUsers(0, 100, Array)
  #4 /home/jumpsta1/public_html/jumpstart.gg/wiki/inc/Extension/EventHandler.php(80): action_plugin_jumpstart->handle_searchusers(Object(dokuwiki\Extension\Event), NULL)
  #5 /home/jumpsta1/public_html/jumpstart.gg/wiki/inc/Extension/Event.php(75): dokuwiki\Extension\EventHandler->process_event(Object(dokuwiki\Extension\Event), 'BEFORE')
  #6 /home/jumpsta1/public_html/jumpstart.gg/wiki/inc/ActionRouter.php(83): dokuwiki\Extension\Event->advise_before()
  #7 /home/jumpsta1/public_html/jumpstart.gg/wiki/inc/ActionRouter.php(49): dokuwiki\ActionRouter->setupAction('searchusers')
  #8 /home/jumpsta1/public_html/jumpstart.gg/wiki/inc/ActionRouter.php(62): dokuwiki\ActionRouter->__construct()
  #9 /home/jumpsta1/public_html/jumpstart.gg/wiki/inc/actions.php(19): dokuwiki\ActionRouter::getInstance(true)
  #10 /home/jumpsta1/public_html/jumpstart.gg/wiki/doku.php(131): act_dispatch()
  #11 {main}
2026-06-19 18:58:36	/home/jumpsta1/public_html/jumpstart.gg/wiki/lib/plugins/authplain/auth.php(467)	E_WARNING: preg_match(): Compilation failed: quantifier does not follow a repeatable item at offset 0
  #0 [internal function]: dokuwiki\ErrorHandler::errorHandler(2, 'preg_match(): C...', '/home/jumpsta1/...', 467)
  #1 /home/jumpsta1/public_html/jumpstart.gg/wiki/lib/plugins/authplain/auth.php(467): preg_match('/*awooga*/i', 'awooga_dl')
  #2 /home/jumpsta1/public_html/jumpstart.gg/wiki/lib/plugins/authplain/auth.php(318): auth_plugin_authplain->filter('awooga_dl', Array)
  #3 /home/jumpsta1/public_html/jumpstart.gg/wiki/lib/plugins/jumpstart/action.php(43): auth_plugin_authplain->retrieveUsers(0, 100, Array)
  #4 /home/jumpsta1/public_html/jumpstart.gg/wiki/inc/Extension/EventHandler.php(80): action_plugin_jumpstart->handle_searchusers(Object(dokuwiki\Extension\Event), NULL)
  #5 /home/jumpsta1/public_html/jumpstart.gg/wiki/inc/Extension/Event.php(75): dokuwiki\Extension\EventHandler->process_event(Object(dokuwiki\Extension\Event), 'BEFORE')
  #6 /home/jumpsta1/public_html/jumpstart.gg/wiki/inc/ActionRouter.php(83): dokuwiki\Extension\Event->advise_before()
  #7 /home/jumpsta1/public_html/jumpstart.gg/wiki/inc/ActionRouter.php(49): dokuwiki\ActionRouter->setupAction('searchusers')
  #8 /home/jumpsta1/public_html/jumpstart.gg/wiki/inc/ActionRouter.php(62): dokuwiki\ActionRouter->__construct()
  #9 /home/jumpsta1/public_html/jumpstart.gg/wiki/inc/actions.php(19): dokuwiki\ActionRouter::getInstance(true)
  #10 /home/jumpsta1/public_html/jumpstart.gg/wiki/doku.php(131): act_dispatch()
  #11 {main}
2026-06-19 18:58:36	/home/jumpsta1/public_html/jumpstart.gg/wiki/lib/plugins/authplain/auth.php(467)	E_WARNING: preg_match(): Compilation failed: quantifier does not follow a repeatable item at offset 0
  #0 [internal function]: dokuwiki\ErrorHandler::errorHandler(2, 'preg_match(): C...', '/home/jumpsta1/...', 467)
  #1 /home/jumpsta1/public_html/jumpstart.gg/wiki/lib/plugins/authplain/auth.php(467): preg_match('/*awooga*/i', 'jumpstartadmin')
  #2 /home/jumpsta1/public_html/jumpstart.gg/wiki/lib/plugins/authplain/auth.php(318): auth_plugin_authplain->filter('jumpstartadmin', Array)
  #3 /home/jumpsta1/public_html/jumpstart.gg/wiki/lib/plugins/jumpstart/action.php(43): auth_plugin_authplain->retrieveUsers(0, 100, Array)
  #4 /home/jumpsta1/public_html/jumpstart.gg/wiki/inc/Extension/EventHandler.php(80): action_plugin_jumpstart->handle_searchusers(Object(dokuwiki\Extension\Event), NULL)
  #5 /home/jumpsta1/public_html/jumpstart.gg/wiki/inc/Extension/Event.php(75): dokuwiki\Extension\EventHandler->process_event(Object(dokuwiki\Extension\Event), 'BEFORE')
  #6 /home/jumpsta1/public_html/jumpstart.gg/wiki/inc/ActionRouter.php(83): dokuwiki\Extension\Event->advise_before()
  #7 /home/jumpsta1/public_html/jumpstart.gg/wiki/inc/ActionRouter.php(49): dokuwiki\ActionRouter->setupAction('searchusers')
  #8 /home/jumpsta1/public_html/jumpstart.gg/wiki/inc/ActionRouter.php(62): dokuwiki\ActionRouter->__construct()
  #9 /home/jumpsta1/public_html/jumpstart.gg/wiki/inc/actions.php(19): dokuwiki\ActionRouter::getInstance(true)
  #10 /home/jumpsta1/public_html/jumpstart.gg/wiki/doku.php(131): act_dispatch()
  #11 {main}
2026-06-19 18:58:36	/home/jumpsta1/public_html/jumpstart.gg/wiki/lib/plugins/authplain/auth.php(467)	E_WARNING: preg_match(): Compilation failed: quantifier does not follow a repeatable item at offset 0
  #0 [internal function]: dokuwiki\ErrorHandler::errorHandler(2, 'preg_match(): C...', '/home/jumpsta1/...', 467)
  #1 /home/jumpsta1/public_html/jumpstart.gg/wiki/lib/plugins/authplain/auth.php(467): preg_match('/*awooga*/i', 'limelight')
  #2 /home/jumpsta1/public_html/jumpstart.gg/wiki/lib/plugins/authplain/auth.php(318): auth_plugin_authplain->filter('limelight', Array)
  #3 /home/jumpsta1/public_html/jumpstart.gg/wiki/lib/plugins/jumpstart/action.php(43): auth_plugin_authplain->retrieveUsers(0, 100, Array)
  #4 /home/jumpsta1/public_html/jumpstart.gg/wiki/inc/Extension/EventHandler.php(80): action_plugin_jumpstart->handle_searchusers(Object(dokuwiki\Extension\Event), NULL)
  #5 /home/jumpsta1/public_html/jumpstart.gg/wiki/inc/Extension/Event.php(75): dokuwiki\Extension\EventHandler->process_event(Object(dokuwiki\Extension\Event), 'BEFORE')
  #6 /home/jumpsta1/public_html/jumpstart.gg/wiki/inc/ActionRouter.php(83): dokuwiki\Extension\Event->advise_before()
  #7 /home/jumpsta1/public_html/jumpstart.gg/wiki/inc/ActionRouter.php(49): dokuwiki\ActionRouter->setupAction('searchusers')
  #8 /home/jumpsta1/public_html/jumpstart.gg/wiki/inc/ActionRouter.php(62): dokuwiki\ActionRouter->__construct()
  #9 /home/jumpsta1/public_html/jumpstart.gg/wiki/inc/actions.php(19): dokuwiki\ActionRouter::getInstance(true)
  #10 /home/jumpsta1/public_html/jumpstart.gg/wiki/doku.php(131): act_dispatch()
  #11 {main}
2026-06-19 18:58:38	/home/jumpsta1/public_html/jumpstart.gg/wiki/lib/plugins/authplain/auth.php(470)	E_WARNING: preg_match(): Compilation failed: quantifier does not follow a repeatable item at offset 0
  #0 [internal function]: dokuwiki\ErrorHandler::errorHandler(2, 'preg_match(): C...', '/home/jumpsta1/...', 470)
  #1 /home/jumpsta1/public_html/jumpstart.gg/wiki/lib/plugins/authplain/auth.php(470): preg_match('/*awoog*/i', 'LimeLight')
  #2 /home/jumpsta1/public_html/jumpstart.gg/wiki/lib/plugins/authplain/auth.php(318): auth_plugin_authplain->filter('4800lightbulbs', Array)
  #3 /home/jumpsta1/public_html/jumpstart.gg/wiki/lib/plugins/jumpstart/action.php(42): auth_plugin_authplain->retrieveUsers(0, 100, Array)
  #4 /home/jumpsta1/public_html/jumpstart.gg/wiki/inc/Extension/EventHandler.php(80): action_plugin_jumpstart->handle_searchusers(Object(dokuwiki\Extension\Event), NULL)
  #5 /home/jumpsta1/public_html/jumpstart.gg/wiki/inc/Extension/Event.php(75): dokuwiki\Extension\EventHandler->process_event(Object(dokuwiki\Extension\Event), 'BEFORE')
  #6 /home/jumpsta1/public_html/jumpstart.gg/wiki/inc/ActionRouter.php(83): dokuwiki\Extension\Event->advise_before()
  #7 /home/jumpsta1/public_html/jumpstart.gg/wiki/inc/ActionRouter.php(49): dokuwiki\ActionRouter->setupAction('searchusers')
  #8 /home/jumpsta1/public_html/jumpstart.gg/wiki/inc/ActionRouter.php(62): dokuwiki\ActionRouter->__construct()
  #9 /home/jumpsta1/public_html/jumpstart.gg/wiki/inc/actions.php(19): dokuwiki\ActionRouter::getInstance(true)
  #10 /home/jumpsta1/public_html/jumpstart.gg/wiki/doku.php(131): act_dispatch()
  #11 {main}
2026-06-19 18:58:38	/home/jumpsta1/public_html/jumpstart.gg/wiki/lib/plugins/authplain/auth.php(470)	E_WARNING: preg_match(): Compilation failed: quantifier does not follow a repeatable item at offset 0
  #0 [internal function]: dokuwiki\ErrorHandler::errorHandler(2, 'preg_match(): C...', '/home/jumpsta1/...', 470)
  #1 /home/jumpsta1/public_html/jumpstart.gg/wiki/lib/plugins/authplain/auth.php(470): preg_match('/*awoog*/i', 'Awooga')
  #2 /home/jumpsta1/public_html/jumpstart.gg/wiki/lib/plugins/authplain/auth.php(318): auth_plugin_authplain->filter('awooga_dl', Array)
  #3 /home/jumpsta1/public_html/jumpstart.gg/wiki/lib/plugins/jumpstart/action.php(42): auth_plugin_authplain->retrieveUsers(0, 100, Array)
  #4 /home/jumpsta1/public_html/jumpstart.gg/wiki/inc/Extension/EventHandler.php(80): action_plugin_jumpstart->handle_searchusers(Object(dokuwiki\Extension\Event), NULL)
  #5 /home/jumpsta1/public_html/jumpstart.gg/wiki/inc/Extension/Event.php(75): dokuwiki\Extension\EventHandler->process_event(Object(dokuwiki\Extension\Event), 'BEFORE')
  #6 /home/jumpsta1/public_html/jumpstart.gg/wiki/inc/ActionRouter.php(83): dokuwiki\Extension\Event->advise_before()
  #7 /home/jumpsta1/public_html/jumpstart.gg/wiki/inc/ActionRouter.php(49): dokuwiki\ActionRouter->setupAction('searchusers')
  #8 /home/jumpsta1/public_html/jumpstart.gg/wiki/inc/ActionRouter.php(62): dokuwiki\ActionRouter->__construct()
  #9 /home/jumpsta1/public_html/jumpstart.gg/wiki/inc/actions.php(19): dokuwiki\ActionRouter::getInstance(true)
  #10 /home/jumpsta1/public_html/jumpstart.gg/wiki/doku.php(131): act_dispatch()
  #11 {main}
2026-06-19 18:58:38	/home/jumpsta1/public_html/jumpstart.gg/wiki/lib/plugins/authplain/auth.php(470)	E_WARNING: preg_match(): Compilation failed: quantifier does not follow a repeatable item at offset 0
  #0 [internal function]: dokuwiki\ErrorHandler::errorHandler(2, 'preg_match(): C...', '/home/jumpsta1/...', 470)
  #1 /home/jumpsta1/public_html/jumpstart.gg/wiki/lib/plugins/authplain/auth.php(470): preg_match('/*awoog*/i', 'RegretfulCurve')
  #2 /home/jumpsta1/public_html/jumpstart.gg/wiki/lib/plugins/authplain/auth.php(318): auth_plugin_authplain->filter('jumpstartadmin', Array)
  #3 /home/jumpsta1/public_html/jumpstart.gg/wiki/lib/plugins/jumpstart/action.php(42): auth_plugin_authplain->retrieveUsers(0, 100, Array)
  #4 /home/jumpsta1/public_html/jumpstart.gg/wiki/inc/Extension/EventHandler.php(80): action_plugin_jumpstart->handle_searchusers(Object(dokuwiki\Extension\Event), NULL)
  #5 /home/jumpsta1/public_html/jumpstart.gg/wiki/inc/Extension/Event.php(75): dokuwiki\Extension\EventHandler->process_event(Object(dokuwiki\Extension\Event), 'BEFORE')
  #6 /home/jumpsta1/public_html/jumpstart.gg/wiki/inc/ActionRouter.php(83): dokuwiki\Extension\Event->advise_before()
  #7 /home/jumpsta1/public_html/jumpstart.gg/wiki/inc/ActionRouter.php(49): dokuwiki\ActionRouter->setupAction('searchusers')
  #8 /home/jumpsta1/public_html/jumpstart.gg/wiki/inc/ActionRouter.php(62): dokuwiki\ActionRouter->__construct()
  #9 /home/jumpsta1/public_html/jumpstart.gg/wiki/inc/actions.php(19): dokuwiki\ActionRouter::getInstance(true)
  #10 /home/jumpsta1/public_html/jumpstart.gg/wiki/doku.php(131): act_dispatch()
  #11 {main}
2026-06-19 18:58:38	/home/jumpsta1/public_html/jumpstart.gg/wiki/lib/plugins/authplain/auth.php(470)	E_WARNING: preg_match(): Compilation failed: quantifier does not follow a repeatable item at offset 0
  #0 [internal function]: dokuwiki\ErrorHandler::errorHandler(2, 'preg_match(): C...', '/home/jumpsta1/...', 470)
  #1 /home/jumpsta1/public_html/jumpstart.gg/wiki/lib/plugins/authplain/auth.php(470): preg_match('/*awoog*/i', 'LimeLight')
  #2 /home/jumpsta1/public_html/jumpstart.gg/wiki/lib/plugins/authplain/auth.php(318): auth_plugin_authplain->filter('limelight', Array)
  #3 /home/jumpsta1/public_html/jumpstart.gg/wiki/lib/plugins/jumpstart/action.php(42): auth_plugin_authplain->retrieveUsers(0, 100, Array)
  #4 /home/jumpsta1/public_html/jumpstart.gg/wiki/inc/Extension/EventHandler.php(80): action_plugin_jumpstart->handle_searchusers(Object(dokuwiki\Extension\Event), NULL)
  #5 /home/jumpsta1/public_html/jumpstart.gg/wiki/inc/Extension/Event.php(75): dokuwiki\Extension\EventHandler->process_event(Object(dokuwiki\Extension\Event), 'BEFORE')
  #6 /home/jumpsta1/public_html/jumpstart.gg/wiki/inc/ActionRouter.php(83): dokuwiki\Extension\Event->advise_before()
  #7 /home/jumpsta1/public_html/jumpstart.gg/wiki/inc/ActionRouter.php(49): dokuwiki\ActionRouter->setupAction('searchusers')
  #8 /home/jumpsta1/public_html/jumpstart.gg/wiki/inc/ActionRouter.php(62): dokuwiki\ActionRouter->__construct()
  #9 /home/jumpsta1/public_html/jumpstart.gg/wiki/inc/actions.php(19): dokuwiki\ActionRouter::getInstance(true)
  #10 /home/jumpsta1/public_html/jumpstart.gg/wiki/doku.php(131): act_dispatch()
  #11 {main}
2026-06-19 18:58:38	/home/jumpsta1/public_html/jumpstart.gg/wiki/lib/plugins/authplain/auth.php(467)	E_WARNING: preg_match(): Compilation failed: quantifier does not follow a repeatable item at offset 0
  #0 [internal function]: dokuwiki\ErrorHandler::errorHandler(2, 'preg_match(): C...', '/home/jumpsta1/...', 467)
  #1 /home/jumpsta1/public_html/jumpstart.gg/wiki/lib/plugins/authplain/auth.php(467): preg_match('/*awoog*/i', '4800lightbulbs')
  #2 /home/jumpsta1/public_html/jumpstart.gg/wiki/lib/plugins/authplain/auth.php(318): auth_plugin_authplain->filter('4800lightbulbs', Array)
  #3 /home/jumpsta1/public_html/jumpstart.gg/wiki/lib/plugins/jumpstart/action.php(43): auth_plugin_authplain->retrieveUsers(0, 100, Array)
  #4 /home/jumpsta1/public_html/jumpstart.gg/wiki/inc/Extension/EventHandler.php(80): action_plugin_jumpstart->handle_searchusers(Object(dokuwiki\Extension\Event), NULL)
  #5 /home/jumpsta1/public_html/jumpstart.gg/wiki/inc/Extension/Event.php(75): dokuwiki\Extension\EventHandler->process_event(Object(dokuwiki\Extension\Event), 'BEFORE')
  #6 /home/jumpsta1/public_html/jumpstart.gg/wiki/inc/ActionRouter.php(83): dokuwiki\Extension\Event->advise_before()
  #7 /home/jumpsta1/public_html/jumpstart.gg/wiki/inc/ActionRouter.php(49): dokuwiki\ActionRouter->setupAction('searchusers')
  #8 /home/jumpsta1/public_html/jumpstart.gg/wiki/inc/ActionRouter.php(62): dokuwiki\ActionRouter->__construct()
  #9 /home/jumpsta1/public_html/jumpstart.gg/wiki/inc/actions.php(19): dokuwiki\ActionRouter::getInstance(true)
  #10 /home/jumpsta1/public_html/jumpstart.gg/wiki/doku.php(131): act_dispatch()
  #11 {main}
2026-06-19 18:58:38	/home/jumpsta1/public_html/jumpstart.gg/wiki/lib/plugins/authplain/auth.php(467)	E_WARNING: preg_match(): Compilation failed: quantifier does not follow a repeatable item at offset 0
  #0 [internal function]: dokuwiki\ErrorHandler::errorHandler(2, 'preg_match(): C...', '/home/jumpsta1/...', 467)
  #1 /home/jumpsta1/public_html/jumpstart.gg/wiki/lib/plugins/authplain/auth.php(467): preg_match('/*awoog*/i', 'awooga_dl')
  #2 /home/jumpsta1/public_html/jumpstart.gg/wiki/lib/plugins/authplain/auth.php(318): auth_plugin_authplain->filter('awooga_dl', Array)
  #3 /home/jumpsta1/public_html/jumpstart.gg/wiki/lib/plugins/jumpstart/action.php(43): auth_plugin_authplain->retrieveUsers(0, 100, Array)
  #4 /home/jumpsta1/public_html/jumpstart.gg/wiki/inc/Extension/EventHandler.php(80): action_plugin_jumpstart->handle_searchusers(Object(dokuwiki\Extension\Event), NULL)
  #5 /home/jumpsta1/public_html/jumpstart.gg/wiki/inc/Extension/Event.php(75): dokuwiki\Extension\EventHandler->process_event(Object(dokuwiki\Extension\Event), 'BEFORE')
  #6 /home/jumpsta1/public_html/jumpstart.gg/wiki/inc/ActionRouter.php(83): dokuwiki\Extension\Event->advise_before()
  #7 /home/jumpsta1/public_html/jumpstart.gg/wiki/inc/ActionRouter.php(49): dokuwiki\ActionRouter->setupAction('searchusers')
  #8 /home/jumpsta1/public_html/jumpstart.gg/wiki/inc/ActionRouter.php(62): dokuwiki\ActionRouter->__construct()
  #9 /home/jumpsta1/public_html/jumpstart.gg/wiki/inc/actions.php(19): dokuwiki\ActionRouter::getInstance(true)
  #10 /home/jumpsta1/public_html/jumpstart.gg/wiki/doku.php(131): act_dispatch()
  #11 {main}
2026-06-19 18:58:38	/home/jumpsta1/public_html/jumpstart.gg/wiki/lib/plugins/authplain/auth.php(467)	E_WARNING: preg_match(): Compilation failed: quantifier does not follow a repeatable item at offset 0
  #0 [internal function]: dokuwiki\ErrorHandler::errorHandler(2, 'preg_match(): C...', '/home/jumpsta1/...', 467)
  #1 /home/jumpsta1/public_html/jumpstart.gg/wiki/lib/plugins/authplain/auth.php(467): preg_match('/*awoog*/i', 'jumpstartadmin')
  #2 /home/jumpsta1/public_html/jumpstart.gg/wiki/lib/plugins/authplain/auth.php(318): auth_plugin_authplain->filter('jumpstartadmin', Array)
  #3 /home/jumpsta1/public_html/jumpstart.gg/wiki/lib/plugins/jumpstart/action.php(43): auth_plugin_authplain->retrieveUsers(0, 100, Array)
  #4 /home/jumpsta1/public_html/jumpstart.gg/wiki/inc/Extension/EventHandler.php(80): action_plugin_jumpstart->handle_searchusers(Object(dokuwiki\Extension\Event), NULL)
  #5 /home/jumpsta1/public_html/jumpstart.gg/wiki/inc/Extension/Event.php(75): dokuwiki\Extension\EventHandler->process_event(Object(dokuwiki\Extension\Event), 'BEFORE')
  #6 /home/jumpsta1/public_html/jumpstart.gg/wiki/inc/ActionRouter.php(83): dokuwiki\Extension\Event->advise_before()
  #7 /home/jumpsta1/public_html/jumpstart.gg/wiki/inc/ActionRouter.php(49): dokuwiki\ActionRouter->setupAction('searchusers')
  #8 /home/jumpsta1/public_html/jumpstart.gg/wiki/inc/ActionRouter.php(62): dokuwiki\ActionRouter->__construct()
  #9 /home/jumpsta1/public_html/jumpstart.gg/wiki/inc/actions.php(19): dokuwiki\ActionRouter::getInstance(true)
  #10 /home/jumpsta1/public_html/jumpstart.gg/wiki/doku.php(131): act_dispatch()
  #11 {main}
2026-06-19 18:58:38	/home/jumpsta1/public_html/jumpstart.gg/wiki/lib/plugins/authplain/auth.php(467)	E_WARNING: preg_match(): Compilation failed: quantifier does not follow a repeatable item at offset 0
  #0 [internal function]: dokuwiki\ErrorHandler::errorHandler(2, 'preg_match(): C...', '/home/jumpsta1/...', 467)
  #1 /home/jumpsta1/public_html/jumpstart.gg/wiki/lib/plugins/authplain/auth.php(467): preg_match('/*awoog*/i', 'limelight')
  #2 /home/jumpsta1/public_html/jumpstart.gg/wiki/lib/plugins/authplain/auth.php(318): auth_plugin_authplain->filter('limelight', Array)
  #3 /home/jumpsta1/public_html/jumpstart.gg/wiki/lib/plugins/jumpstart/action.php(43): auth_plugin_authplain->retrieveUsers(0, 100, Array)
  #4 /home/jumpsta1/public_html/jumpstart.gg/wiki/inc/Extension/EventHandler.php(80): action_plugin_jumpstart->handle_searchusers(Object(dokuwiki\Extension\Event), NULL)
  #5 /home/jumpsta1/public_html/jumpstart.gg/wiki/inc/Extension/Event.php(75): dokuwiki\Extension\EventHandler->process_event(Object(dokuwiki\Extension\Event), 'BEFORE')
  #6 /home/jumpsta1/public_html/jumpstart.gg/wiki/inc/ActionRouter.php(83): dokuwiki\Extension\Event->advise_before()
  #7 /home/jumpsta1/public_html/jumpstart.gg/wiki/inc/ActionRouter.php(49): dokuwiki\ActionRouter->setupAction('searchusers')
  #8 /home/jumpsta1/public_html/jumpstart.gg/wiki/inc/ActionRouter.php(62): dokuwiki\ActionRouter->__construct()
  #9 /home/jumpsta1/public_html/jumpstart.gg/wiki/inc/actions.php(19): dokuwiki\ActionRouter::getInstance(true)
  #10 /home/jumpsta1/public_html/jumpstart.gg/wiki/doku.php(131): act_dispatch()
  #11 {main}
